
> client@0.1.0 build
> next build

ΓÜá Warning: Next.js inferred your workspace root, but it may not be correct.
 We detected multiple lockfiles and selected the directory of C:\Users\isitr\package-lock.json as the root directory.
 To silence this warning, set `turbopack.root` in your Next.js config, or consider removing one of the lockfiles if it's not needed.
   See https://nextjs.org/docs/app/api-reference/config/next-config-js/turbopack#root-directory for more information.
 Detected additional lockfiles: 
   * C:\Users\isitr\Desktop\hackathon\client\package-lock.json

Γû▓ Next.js 16.1.6 (Turbopack)

  Creating an optimized production build ...
Γ£ô Compiled successfully in 9.6s
  Running TypeScript ...
Failed to compile.

./src/components/ChatInterface.tsx:302:17
Type error: Type 'ResearchMode' is not assignable to type '"QUICK" | "DEEP" | undefined'.
  Type '"CONTEXT"' is not assignable to type '"QUICK" | "DEEP" | undefined'.

  300 |                 model_name: selectedModelId,
  301 |                 provider: currentProvider,
> 302 |                 forced_mode: mode,
      |                 ^
  303 |             }, abortRef.current.signal);
  304 |
  305 |             if (!res.ok) throw new Error("Network error");
Next.js build worker exited with code: 1 and signal: null
