Starting Financial Research Agent Test...


==================================================
User Request: I am a very conservative investor. I care most about Free Cash Flow and strong Profit Margins.
==================================================
Agent is thinking...


[Research Mode: DEEP]

Agent Response:
------------------------------
Based on the financial statements and key metrics of JNJ, PG, and PEP, it appears that JNJ has the strongest profit margins and free cash flow. 

JNJ has a profit margin of 28.46% and a free cash flow of $19.31 billion, while PG has a profit margin of 19.3% and a free cash flow of $14.04 billion. PEP has a profit margin of 8.77% and a free cash flow of $7.67 billion.

Considering your conservative investment approach and focus on free cash flow and strong profit margins, JNJ might be the most suitable option among the three. However, it's essential to conduct further research and analysis before making any investment decisions.

Some potential follow-up questions to consider:

1. Would you like to compare the dividend yields of these companies?
2. Are you interested in exploring other companies within the same sector or industry?
3. Would you like to stress test these companies under different economic scenarios, such as a recession or high inflation?

------------------------------

==================================================
User Request: Summarize AAPL's last quarter earnings.
==================================================
Agent is thinking...


[Research Mode: QUICK]

Agent Response:
------------------------------
Based on the financial statements and key metrics, AAPL's last quarter earnings show a revenue of $416.16 billion and a net income of $112.01 billion. The company has a strong profit margin of 27.04% and an operating margin of 35.37%. The return on equity is 152.02% and the return on assets is 24.38%. The debt-to-equity ratio is 102.63, indicating a moderate level of debt. The trailing PE ratio is 34.53 and the forward PE ratio is 29.37. The market capitalization is $4.014 trillion. 

Assuming standard PE ratios apply this quarter, AAPL's earnings seem to be in line with expectations. However, it's essential to consider the company's cash flow and debt levels to get a comprehensive picture of its financial health. 

Follow-up questions could include: 
- Would you like to compare AAPL's financials with its competitors in the technology sector?
- How does AAPL's current valuation compare to its historical averages?
- Are there any potential risks or challenges that could impact AAPL's future earnings?

------------------------------

==================================================
User Request: Compare MSFT vs GOOGL on fundamentals into a small table. What's the leader in market cap? Give a bull thesis for the winner.
==================================================
Agent is thinking...


[Research Mode: DEEP]

Agent Response:
------------------------------
Based on the financial statements, here is a small table comparing MSFT and GOOGL on fundamentals:

| Ticker | Revenue | Net Income | Total Assets | Total Debt | Operating Cash Flow | Free Cash Flow |
| --- | --- | --- | --- | --- | --- | --- |
| MSFT | 281.72B | 101.83B | 619.00B | 60.59B | 136.16B | 71.61B |
| GOOGL | 402.84B | 132.17B | 595.28B | 59.29B | 164.71B | 73.27B |

The leader in market cap is GOOGL, with a market cap of approximately $3.72 trillion.

Here's a bull thesis for GOOGL:

GOOGL is a leader in the technology industry, with a strong track record of innovation and growth. The company's dominant position in search and advertising, combined with its growing cloud and hardware businesses, make it an attractive investment opportunity. With a strong balance sheet and significant cash reserves, GOOGL is well-positioned to continue investing in new technologies and expanding its offerings. Additionally, the company's commitment to artificial intelligence and machine learning will likely drive future growth and profitability. As a result, GOOGL is a compelling investment opportunity for those looking for long-term growth and stability.

Some potential follow-up questions the user could ask include:

* How do MSFT and GOOGL compare on other key metrics, such as profit margins and return on equity?
* What are the potential risks and challenges facing GOOGL, and how might they impact the company's future performance?
* How does GOOGL's valuation compare to its peers, and is the stock currently overvalued or undervalued?

------------------------------
